

================================================================
== Vitis HLS Report for 'KBEST_Pipeline_VITIS_LOOP_347_1'
================================================================
* Date:           Wed May 25 23:56:03 2022

* Version:        2021.2 (Build 3367213 on Tue Oct 19 02:48:09 MDT 2021)
* Project:        MIMO
* Solution:       solution1 (Vivado IP Flow Target)
* Product family: zynquplus
* Target device:  xczu9eg-ffvb1156-2-e


================================================================
== Performance Estimates
================================================================
+ Timing: 
    * Summary: 
    +--------+----------+----------+------------+
    |  Clock |  Target  | Estimated| Uncertainty|
    +--------+----------+----------+------------+
    |ap_clk  |  30.00 ns|  1.224 ns|     8.10 ns|
    +--------+----------+----------+------------+

+ Latency: 
    * Summary: 
    +---------+---------+----------+----------+-----+-----+---------+
    |  Latency (cycles) |  Latency (absolute) |  Interval | Pipeline|
    |   min   |   max   |    min   |    max   | min | max |   Type  |
    +---------+---------+----------+----------+-----+-----+---------+
    |       13|       13|  0.390 us|  0.390 us|   13|   13|       no|
    +---------+---------+----------+----------+-----+-----+---------+

    + Detail: 
        * Instance: 
        N/A

        * Loop: 
        +--------------------+---------+---------+----------+-----------+-----------+------+----------+
        |                    |  Latency (cycles) | Iteration|  Initiation Interval  | Trip |          |
        |      Loop Name     |   min   |   max   |  Latency |  achieved |   target  | Count| Pipelined|
        +--------------------+---------+---------+----------+-----------+-----------+------+----------+
        |- VITIS_LOOP_347_1  |       11|       11|         5|          1|          1|     8|       yes|
        +--------------------+---------+---------+----------+-----------+-----------+------+----------+



================================================================
== Utilization Estimates
================================================================
* Summary: 
+-----------------+---------+------+--------+--------+-----+
|       Name      | BRAM_18K|  DSP |   FF   |   LUT  | URAM|
+-----------------+---------+------+--------+--------+-----+
|DSP              |        -|     1|       -|       -|    -|
|Expression       |        -|     -|       0|      23|    -|
|FIFO             |        -|     -|       -|       -|    -|
|Instance         |        -|     -|       -|       -|    -|
|Memory           |        -|     -|       -|       -|    -|
|Multiplexer      |        -|     -|       -|      36|    -|
|Register         |        -|     -|      81|      32|    -|
+-----------------+---------+------+--------+--------+-----+
|Total            |        0|     1|      81|      91|    0|
+-----------------+---------+------+--------+--------+-----+
|Available        |     1824|  2520|  548160|  274080|    0|
+-----------------+---------+------+--------+--------+-----+
|Utilization (%)  |        0|    ~0|      ~0|      ~0|    0|
+-----------------+---------+------+--------+--------+-----+

+ Detail: 
    * Instance: 
    N/A

    * DSP: 
    +-----------------------------+------------------------+-----------+
    |           Instance          |         Module         | Expression|
    +-----------------------------+------------------------+-----------+
    |mul_mul_16s_9ns_24_4_1_U850  |mul_mul_16s_9ns_24_4_1  |    i0 * i1|
    +-----------------------------+------------------------+-----------+

    * Memory: 
    N/A

    * FIFO: 
    N/A

    * Expression: 
    +---------------------+----------+----+---+----+------------+------------+
    |    Variable Name    | Operation| DSP| FF| LUT| Bitwidth P0| Bitwidth P1|
    +---------------------+----------+----+---+----+------------+------------+
    |add_ln347_fu_82_p2   |         +|   0|  0|  12|           4|           1|
    |icmp_ln347_fu_76_p2  |      icmp|   0|  0|   9|           4|           5|
    |ap_enable_pp0        |       xor|   0|  0|   2|           1|           2|
    +---------------------+----------+----+---+----+------------+------------+
    |Total                |          |   0|  0|  23|           9|           8|
    +---------------------+----------+----+---+----+------------+------------+

    * Multiplexer: 
    +-------------------------+----+-----------+-----+-----------+
    |           Name          | LUT| Input Size| Bits| Total Bits|
    +-------------------------+----+-----------+-----+-----------+
    |ap_done_int              |   9|          2|    1|          2|
    |ap_enable_reg_pp0_iter1  |   9|          2|    1|          2|
    |ap_sig_allocacmp_i_16    |   9|          2|    4|          8|
    |i_fu_38                  |   9|          2|    4|          8|
    +-------------------------+----+-----------+-----+-----------+
    |Total                    |  36|          8|   10|         20|
    +-------------------------+----+-----------+-----+-----------+

    * Register: 
    +----------------------------------+----+----+-----+-----------+
    |               Name               | FF | LUT| Bits| Const Bits|
    +----------------------------------+----+----+-----+-----------+
    |ap_CS_fsm                         |   1|   0|    1|          0|
    |ap_done_reg                       |   1|   0|    1|          0|
    |ap_enable_reg_pp0_iter1           |   1|   0|    1|          0|
    |ap_enable_reg_pp0_iter2           |   1|   0|    1|          0|
    |ap_enable_reg_pp0_iter3           |   1|   0|    1|          0|
    |ap_enable_reg_pp0_iter4           |   1|   0|    1|          0|
    |ap_loop_exit_ready_pp0_iter1_reg  |   1|   0|    1|          0|
    |ap_loop_exit_ready_pp0_iter2_reg  |   1|   0|    1|          0|
    |ap_loop_exit_ready_pp0_iter3_reg  |   1|   0|    1|          0|
    |i_cast_reg_130                    |   4|   0|   64|         60|
    |i_fu_38                           |   4|   0|    4|          0|
    |i_cast_reg_130                    |  64|  32|   64|         60|
    +----------------------------------+----+----+-----+-----------+
    |Total                             |  81|  32|  141|        120|
    +----------------------------------+----+----+-----+-----------+



================================================================
== Interface
================================================================
* Summary: 
+----------------+-----+-----+------------+---------------------------------+--------------+
|    RTL Ports   | Dir | Bits|  Protocol  |          Source Object          |    C Type    |
+----------------+-----+-----+------------+---------------------------------+--------------+
|ap_clk          |   in|    1|  ap_ctrl_hs|  KBEST_Pipeline_VITIS_LOOP_347_1|  return value|
|ap_rst          |   in|    1|  ap_ctrl_hs|  KBEST_Pipeline_VITIS_LOOP_347_1|  return value|
|ap_start        |   in|    1|  ap_ctrl_hs|  KBEST_Pipeline_VITIS_LOOP_347_1|  return value|
|ap_done         |  out|    1|  ap_ctrl_hs|  KBEST_Pipeline_VITIS_LOOP_347_1|  return value|
|ap_idle         |  out|    1|  ap_ctrl_hs|  KBEST_Pipeline_VITIS_LOOP_347_1|  return value|
|ap_ready        |  out|    1|  ap_ctrl_hs|  KBEST_Pipeline_VITIS_LOOP_347_1|  return value|
|y_hat_address0  |  out|    3|   ap_memory|                            y_hat|         array|
|y_hat_ce0       |  out|    1|   ap_memory|                            y_hat|         array|
|y_hat_q0        |   in|   16|   ap_memory|                            y_hat|         array|
|yy_V_address0   |  out|    3|   ap_memory|                             yy_V|         array|
|yy_V_ce0        |  out|    1|   ap_memory|                             yy_V|         array|
|yy_V_we0        |  out|    1|   ap_memory|                             yy_V|         array|
|yy_V_d0         |  out|   16|   ap_memory|                             yy_V|         array|
+----------------+-----+-----+------------+---------------------------------+--------------+

