

================================================================
== Vitis HLS Report for 'QRD_Pipeline_LOOP_01'
================================================================
* Date:           Wed May 25 23:55:48 2022

* Version:        2021.2 (Build 3367213 on Tue Oct 19 02:48:09 MDT 2021)
* Project:        MIMO
* Solution:       solution1 (Vivado IP Flow Target)
* Product family: zynquplus
* Target device:  xczu9eg-ffvb1156-2-e


================================================================
== Performance Estimates
================================================================
+ Timing: 
    * Summary: 
    +--------+----------+----------+------------+
    |  Clock |  Target  | Estimated| Uncertainty|
    +--------+----------+----------+------------+
    |ap_clk  |  30.00 ns|  1.378 ns|     8.10 ns|
    +--------+----------+----------+------------+

+ Latency: 
    * Summary: 
    +---------+---------+----------+----------+-----+-----+---------+
    |  Latency (cycles) |  Latency (absolute) |  Interval | Pipeline|
    |   min   |   max   |    min   |    max   | min | max |   Type  |
    +---------+---------+----------+----------+-----+-----+---------+
    |        6|        6|  0.180 us|  0.180 us|    6|    6|       no|
    +---------+---------+----------+----------+-----+-----+---------+

    + Detail: 
        * Instance: 
        N/A

        * Loop: 
        +-----------+---------+---------+----------+-----------+-----------+------+----------+
        |           |  Latency (cycles) | Iteration|  Initiation Interval  | Trip |          |
        | Loop Name |   min   |   max   |  Latency |  achieved |   target  | Count| Pipelined|
        +-----------+---------+---------+----------+-----------+-----------+------+----------+
        |- LOOP_01  |        4|        4|         1|          1|          1|     4|       yes|
        +-----------+---------+---------+----------+-----------+-----------+------+----------+



================================================================
== Utilization Estimates
================================================================
* Summary: 
+-----------------+---------+------+--------+--------+-----+
|       Name      | BRAM_18K|  DSP |   FF   |   LUT  | URAM|
+-----------------+---------+------+--------+--------+-----+
|DSP              |        -|     -|       -|       -|    -|
|Expression       |        -|     -|       0|     104|    -|
|FIFO             |        -|     -|       -|       -|    -|
|Instance         |        -|     -|       0|     160|    -|
|Memory           |        -|     -|       -|       -|    -|
|Multiplexer      |        -|     -|       -|      27|    -|
|Register         |        -|     -|    1030|       -|    -|
+-----------------+---------+------+--------+--------+-----+
|Total            |        0|     0|    1030|     291|    0|
+-----------------+---------+------+--------+--------+-----+
|Available        |     1824|  2520|  548160|  274080|    0|
+-----------------+---------+------+--------+--------+-----+
|Utilization (%)  |        0|     0|      ~0|      ~0|    0|
+-----------------+---------+------+--------+--------+-----+

+ Detail: 
    * Instance: 
    +--------------------+---------------+---------+----+---+----+-----+
    |      Instance      |     Module    | BRAM_18K| DSP| FF| LUT| URAM|
    +--------------------+---------------+---------+----+---+----+-----+
    |mux_42_16_1_1_U204  |mux_42_16_1_1  |        0|   0|  0|  20|    0|
    |mux_42_16_1_1_U205  |mux_42_16_1_1  |        0|   0|  0|  20|    0|
    |mux_42_16_1_1_U206  |mux_42_16_1_1  |        0|   0|  0|  20|    0|
    |mux_42_16_1_1_U207  |mux_42_16_1_1  |        0|   0|  0|  20|    0|
    |mux_42_16_1_1_U208  |mux_42_16_1_1  |        0|   0|  0|  20|    0|
    |mux_42_16_1_1_U209  |mux_42_16_1_1  |        0|   0|  0|  20|    0|
    |mux_42_16_1_1_U210  |mux_42_16_1_1  |        0|   0|  0|  20|    0|
    |mux_42_16_1_1_U211  |mux_42_16_1_1  |        0|   0|  0|  20|    0|
    +--------------------+---------------+---------+----+---+----+-----+
    |Total               |               |        0|   0|  0| 160|    0|
    +--------------------+---------------+---------+----+---+----+-----+

    * DSP: 
    N/A

    * Memory: 
    N/A

    * FIFO: 
    N/A

    * Expression: 
    +------------------------+----------+----+---+----+------------+------------+
    |      Variable Name     | Operation| DSP| FF| LUT| Bitwidth P0| Bitwidth P1|
    +------------------------+----------+----+---+----+------------+------------+
    |add_ln240_fu_1582_p2    |         +|   0|  0|  12|           4|           2|
    |sub_ln712_1_fu_1324_p2  |         -|   0|  0|  23|           1|          16|
    |sub_ln712_2_fu_1410_p2  |         -|   0|  0|  23|           1|          16|
    |sub_ln712_3_fu_1496_p2  |         -|   0|  0|  23|           1|          16|
    |sub_ln712_fu_1238_p2    |         -|   0|  0|  23|           1|          16|
    +------------------------+----------+----+---+----+------------+------------+
    |Total                   |          |   0|  0| 104|           8|          66|
    +------------------------+----------+----+---+----+------------+------------+

    * Multiplexer: 
    +----------------------+----+-----------+-----+-----------+
    |         Name         | LUT| Input Size| Bits| Total Bits|
    +----------------------+----+-----------+-----+-----------+
    |ap_done_int           |   9|          2|    1|          2|
    |ap_sig_allocacmp_i_4  |   9|          2|    4|          8|
    |i_fu_226              |   9|          2|    4|          8|
    +----------------------+----+-----------+-----+-----------+
    |Total                 |  27|          6|    9|         18|
    +----------------------+----+-----------+-----+-----------+

    * Register: 
    +------------------------------------+----+----+-----+-----------+
    |                Name                | FF | LUT| Bits| Const Bits|
    +------------------------------------+----+----+-----+-----------+
    |ap_CS_fsm                           |   1|   0|    1|          0|
    |ap_done_reg                         |   1|   0|    1|          0|
    |conv_i_i_i2390865_lcssa1026_fu_358  |  16|   0|   16|          0|
    |conv_i_i_i2390868_lcssa1028_fu_362  |  16|   0|   16|          0|
    |conv_i_i_i2390871_lcssa1030_fu_366  |  16|   0|   16|          0|
    |conv_i_i_i2390874_lcssa1032_fu_370  |  16|   0|   16|          0|
    |conv_i_i_i2390877_lcssa1034_fu_374  |  16|   0|   16|          0|
    |conv_i_i_i2390880_lcssa1036_fu_378  |  16|   0|   16|          0|
    |conv_i_i_i2390883_lcssa1038_fu_382  |  16|   0|   16|          0|
    |conv_i_i_i2390886_lcssa1040_fu_386  |  16|   0|   16|          0|
    |conv_i_i_i2390890_lcssa1042_fu_390  |  16|   0|   16|          0|
    |conv_i_i_i2390893_lcssa1044_fu_394  |  16|   0|   16|          0|
    |conv_i_i_i2390896_lcssa1046_fu_398  |  16|   0|   16|          0|
    |conv_i_i_i2390899_lcssa1048_fu_402  |  16|   0|   16|          0|
    |conv_i_i_i2390901_lcssa1050_fu_406  |  16|   0|   16|          0|
    |conv_i_i_i2390904_lcssa1052_fu_410  |  16|   0|   16|          0|
    |conv_i_i_i2390907_lcssa1054_fu_414  |  16|   0|   16|          0|
    |conv_i_i_i2390910_lcssa1056_fu_418  |  16|   0|   16|          0|
    |i_fu_226                            |   4|   0|    4|          0|
    |p_0_0_03278817_lcssa994_fu_294      |  16|   0|   16|          0|
    |p_0_0_03278820_lcssa996_fu_298      |  16|   0|   16|          0|
    |p_0_0_03278823_lcssa998_fu_302      |  16|   0|   16|          0|
    |p_0_0_03278826_lcssa1000_fu_306     |  16|   0|   16|          0|
    |p_0_0_03278829_lcssa1002_fu_310     |  16|   0|   16|          0|
    |p_0_0_03278832_lcssa1004_fu_314     |  16|   0|   16|          0|
    |p_0_0_03278835_lcssa1006_fu_318     |  16|   0|   16|          0|
    |p_0_0_03278838_lcssa1008_fu_322     |  16|   0|   16|          0|
    |p_0_0_03278842_lcssa1010_fu_326     |  16|   0|   16|          0|
    |p_0_0_03278845_lcssa1012_fu_330     |  16|   0|   16|          0|
    |p_0_0_03278848_lcssa1014_fu_334     |  16|   0|   16|          0|
    |p_0_0_03278851_lcssa1016_fu_338     |  16|   0|   16|          0|
    |p_0_0_03278853_lcssa1018_fu_342     |  16|   0|   16|          0|
    |p_0_0_03278856_lcssa1020_fu_346     |  16|   0|   16|          0|
    |p_0_0_03278859_lcssa1022_fu_350     |  16|   0|   16|          0|
    |p_0_0_03278862_lcssa1024_fu_354     |  16|   0|   16|          0|
    |p_0_0_03279769_lcssa962_fu_230      |  16|   0|   16|          0|
    |p_0_0_03279772_lcssa964_fu_234      |  16|   0|   16|          0|
    |p_0_0_03279775_lcssa966_fu_238      |  16|   0|   16|          0|
    |p_0_0_03279778_lcssa968_fu_242      |  16|   0|   16|          0|
    |p_0_0_03279781_lcssa970_fu_246      |  16|   0|   16|          0|
    |p_0_0_03279784_lcssa972_fu_250      |  16|   0|   16|          0|
    |p_0_0_03279787_lcssa974_fu_254      |  16|   0|   16|          0|
    |p_0_0_03279790_lcssa976_fu_258      |  16|   0|   16|          0|
    |p_0_0_03279794_lcssa978_fu_262      |  16|   0|   16|          0|
    |p_0_0_03279797_lcssa980_fu_266      |  16|   0|   16|          0|
    |p_0_0_03279800_lcssa982_fu_270      |  16|   0|   16|          0|
    |p_0_0_03279803_lcssa984_fu_274      |  16|   0|   16|          0|
    |p_0_0_03279805_lcssa986_fu_278      |  16|   0|   16|          0|
    |p_0_0_03279808_lcssa988_fu_282      |  16|   0|   16|          0|
    |p_0_0_03279811_lcssa990_fu_286      |  16|   0|   16|          0|
    |p_0_0_03279814_lcssa992_fu_290      |  16|   0|   16|          0|
    |p_0_0_03279913_lcssa1058_fu_422     |  16|   0|   16|          0|
    |p_0_0_03279916_lcssa1060_fu_426     |  16|   0|   16|          0|
    |p_0_0_03279919_lcssa1062_fu_430     |  16|   0|   16|          0|
    |p_0_0_03279922_lcssa1064_fu_434     |  16|   0|   16|          0|
    |p_0_0_03279925_lcssa1066_fu_438     |  16|   0|   16|          0|
    |p_0_0_03279928_lcssa1068_fu_442     |  16|   0|   16|          0|
    |p_0_0_03279931_lcssa1070_fu_446     |  16|   0|   16|          0|
    |p_0_0_03279934_lcssa1072_fu_450     |  16|   0|   16|          0|
    |p_0_0_03279938_lcssa1074_fu_454     |  16|   0|   16|          0|
    |p_0_0_03279941_lcssa1076_fu_458     |  16|   0|   16|          0|
    |p_0_0_03279944_lcssa1078_fu_462     |  16|   0|   16|          0|
    |p_0_0_03279947_lcssa1080_fu_466     |  16|   0|   16|          0|
    |p_0_0_03279949_lcssa1082_fu_470     |  16|   0|   16|          0|
    |p_0_0_03279952_lcssa1084_fu_474     |  16|   0|   16|          0|
    |p_0_0_03279955_lcssa1086_fu_478     |  16|   0|   16|          0|
    |p_0_0_03279958_lcssa1088_fu_482     |  16|   0|   16|          0|
    +------------------------------------+----+----+-----+-----------+
    |Total                               |1030|   0| 1030|          0|
    +------------------------------------+----+----+-----+-----------+



================================================================
== Interface
================================================================
* Summary: 
+----------------------------------------+-----+-----+------------+---------------------------------+--------------+
|                RTL Ports               | Dir | Bits|  Protocol  |          Source Object          |    C Type    |
+----------------------------------------+-----+-----+------------+---------------------------------+--------------+
|ap_clk                                  |   in|    1|  ap_ctrl_hs|             QRD_Pipeline_LOOP_01|  return value|
|ap_rst                                  |   in|    1|  ap_ctrl_hs|             QRD_Pipeline_LOOP_01|  return value|
|ap_start                                |   in|    1|  ap_ctrl_hs|             QRD_Pipeline_LOOP_01|  return value|
|ap_done                                 |  out|    1|  ap_ctrl_hs|             QRD_Pipeline_LOOP_01|  return value|
|ap_idle                                 |  out|    1|  ap_ctrl_hs|             QRD_Pipeline_LOOP_01|  return value|
|ap_ready                                |  out|    1|  ap_ctrl_hs|             QRD_Pipeline_LOOP_01|  return value|
|select_ln580_20                         |   in|   16|     ap_none|                  select_ln580_20|        scalar|
|select_ln580_25                         |   in|   16|     ap_none|                  select_ln580_25|        scalar|
|select_ln580_35                         |   in|   16|     ap_none|                  select_ln580_35|        scalar|
|select_ln580_45                         |   in|   16|     ap_none|                  select_ln580_45|        scalar|
|HH_2_0_2                                |   in|   16|     ap_none|                         HH_2_0_2|        scalar|
|select_ln580_123                        |   in|   16|     ap_none|                 select_ln580_123|        scalar|
|select_ln580_128                        |   in|   16|     ap_none|                 select_ln580_128|        scalar|
|select_ln580_138                        |   in|   16|     ap_none|                 select_ln580_138|        scalar|
|select_ln580_164                        |   in|   16|     ap_none|                 select_ln580_164|        scalar|
|select_ln580_169                        |   in|   16|     ap_none|                 select_ln580_169|        scalar|
|HH_6_0_2                                |   in|   16|     ap_none|                         HH_6_0_2|        scalar|
|select_ln580_189                        |   in|   16|     ap_none|                 select_ln580_189|        scalar|
|HH_1_0_0                                |   in|   16|     ap_none|                         HH_1_0_0|        scalar|
|select_ln580_55                         |   in|   16|     ap_none|                  select_ln580_55|        scalar|
|select_ln580_61                         |   in|   16|     ap_none|                  select_ln580_61|        scalar|
|select_ln580_71                         |   in|   16|     ap_none|                  select_ln580_71|        scalar|
|HH_3_0_0                                |   in|   16|     ap_none|                         HH_3_0_0|        scalar|
|HH_3_1_4                                |   in|   16|     ap_none|                         HH_3_1_4|        scalar|
|select_ln580_148                        |   in|   16|     ap_none|                 select_ln580_148|        scalar|
|select_ln580_158                        |   in|   16|     ap_none|                 select_ln580_158|        scalar|
|HH_5_0_0                                |   in|   16|     ap_none|                         HH_5_0_0|        scalar|
|mux_case_1118                           |   in|   16|     ap_none|                    mux_case_1118|        scalar|
|mux_case_581                            |   in|   16|     ap_none|                     mux_case_581|        scalar|
|select_ln580_179                        |   in|   16|     ap_none|                 select_ln580_179|        scalar|
|HH_7_0_0                                |   in|   16|     ap_none|                         HH_7_0_0|        scalar|
|HH_7_1_4                                |   in|   16|     ap_none|                         HH_7_1_4|        scalar|
|mux_case_782                            |   in|   16|     ap_none|                     mux_case_782|        scalar|
|p_0_0_03279958_lcssa1088_out            |  out|   16|      ap_vld|     p_0_0_03279958_lcssa1088_out|       pointer|
|p_0_0_03279958_lcssa1088_out_ap_vld     |  out|    1|      ap_vld|     p_0_0_03279958_lcssa1088_out|       pointer|
|p_0_0_03279955_lcssa1086_out            |  out|   16|      ap_vld|     p_0_0_03279955_lcssa1086_out|       pointer|
|p_0_0_03279955_lcssa1086_out_ap_vld     |  out|    1|      ap_vld|     p_0_0_03279955_lcssa1086_out|       pointer|
|p_0_0_03279952_lcssa1084_out            |  out|   16|      ap_vld|     p_0_0_03279952_lcssa1084_out|       pointer|
|p_0_0_03279952_lcssa1084_out_ap_vld     |  out|    1|      ap_vld|     p_0_0_03279952_lcssa1084_out|       pointer|
|p_0_0_03279949_lcssa1082_out            |  out|   16|      ap_vld|     p_0_0_03279949_lcssa1082_out|       pointer|
|p_0_0_03279949_lcssa1082_out_ap_vld     |  out|    1|      ap_vld|     p_0_0_03279949_lcssa1082_out|       pointer|
|p_0_0_03279947_lcssa1080_out            |  out|   16|      ap_vld|     p_0_0_03279947_lcssa1080_out|       pointer|
|p_0_0_03279947_lcssa1080_out_ap_vld     |  out|    1|      ap_vld|     p_0_0_03279947_lcssa1080_out|       pointer|
|p_0_0_03279944_lcssa1078_out            |  out|   16|      ap_vld|     p_0_0_03279944_lcssa1078_out|       pointer|
|p_0_0_03279944_lcssa1078_out_ap_vld     |  out|    1|      ap_vld|     p_0_0_03279944_lcssa1078_out|       pointer|
|p_0_0_03279941_lcssa1076_out            |  out|   16|      ap_vld|     p_0_0_03279941_lcssa1076_out|       pointer|
|p_0_0_03279941_lcssa1076_out_ap_vld     |  out|    1|      ap_vld|     p_0_0_03279941_lcssa1076_out|       pointer|
|p_0_0_03279938_lcssa1074_out            |  out|   16|      ap_vld|     p_0_0_03279938_lcssa1074_out|       pointer|
|p_0_0_03279938_lcssa1074_out_ap_vld     |  out|    1|      ap_vld|     p_0_0_03279938_lcssa1074_out|       pointer|
|p_0_0_03279934_lcssa1072_out            |  out|   16|      ap_vld|     p_0_0_03279934_lcssa1072_out|       pointer|
|p_0_0_03279934_lcssa1072_out_ap_vld     |  out|    1|      ap_vld|     p_0_0_03279934_lcssa1072_out|       pointer|
|p_0_0_03279931_lcssa1070_out            |  out|   16|      ap_vld|     p_0_0_03279931_lcssa1070_out|       pointer|
|p_0_0_03279931_lcssa1070_out_ap_vld     |  out|    1|      ap_vld|     p_0_0_03279931_lcssa1070_out|       pointer|
|p_0_0_03279928_lcssa1068_out            |  out|   16|      ap_vld|     p_0_0_03279928_lcssa1068_out|       pointer|
|p_0_0_03279928_lcssa1068_out_ap_vld     |  out|    1|      ap_vld|     p_0_0_03279928_lcssa1068_out|       pointer|
|p_0_0_03279925_lcssa1066_out            |  out|   16|      ap_vld|     p_0_0_03279925_lcssa1066_out|       pointer|
|p_0_0_03279925_lcssa1066_out_ap_vld     |  out|    1|      ap_vld|     p_0_0_03279925_lcssa1066_out|       pointer|
|p_0_0_03279922_lcssa1064_out            |  out|   16|      ap_vld|     p_0_0_03279922_lcssa1064_out|       pointer|
|p_0_0_03279922_lcssa1064_out_ap_vld     |  out|    1|      ap_vld|     p_0_0_03279922_lcssa1064_out|       pointer|
|p_0_0_03279919_lcssa1062_out            |  out|   16|      ap_vld|     p_0_0_03279919_lcssa1062_out|       pointer|
|p_0_0_03279919_lcssa1062_out_ap_vld     |  out|    1|      ap_vld|     p_0_0_03279919_lcssa1062_out|       pointer|
|p_0_0_03279916_lcssa1060_out            |  out|   16|      ap_vld|     p_0_0_03279916_lcssa1060_out|       pointer|
|p_0_0_03279916_lcssa1060_out_ap_vld     |  out|    1|      ap_vld|     p_0_0_03279916_lcssa1060_out|       pointer|
|p_0_0_03279913_lcssa1058_out            |  out|   16|      ap_vld|     p_0_0_03279913_lcssa1058_out|       pointer|
|p_0_0_03279913_lcssa1058_out_ap_vld     |  out|    1|      ap_vld|     p_0_0_03279913_lcssa1058_out|       pointer|
|conv_i_i_i2390910_lcssa1056_out         |  out|   16|      ap_vld|  conv_i_i_i2390910_lcssa1056_out|       pointer|
|conv_i_i_i2390910_lcssa1056_out_ap_vld  |  out|    1|      ap_vld|  conv_i_i_i2390910_lcssa1056_out|       pointer|
|conv_i_i_i2390907_lcssa1054_out         |  out|   16|      ap_vld|  conv_i_i_i2390907_lcssa1054_out|       pointer|
|conv_i_i_i2390907_lcssa1054_out_ap_vld  |  out|    1|      ap_vld|  conv_i_i_i2390907_lcssa1054_out|       pointer|
|conv_i_i_i2390904_lcssa1052_out         |  out|   16|      ap_vld|  conv_i_i_i2390904_lcssa1052_out|       pointer|
|conv_i_i_i2390904_lcssa1052_out_ap_vld  |  out|    1|      ap_vld|  conv_i_i_i2390904_lcssa1052_out|       pointer|
|conv_i_i_i2390901_lcssa1050_out         |  out|   16|      ap_vld|  conv_i_i_i2390901_lcssa1050_out|       pointer|
|conv_i_i_i2390901_lcssa1050_out_ap_vld  |  out|    1|      ap_vld|  conv_i_i_i2390901_lcssa1050_out|       pointer|
|conv_i_i_i2390899_lcssa1048_out         |  out|   16|      ap_vld|  conv_i_i_i2390899_lcssa1048_out|       pointer|
|conv_i_i_i2390899_lcssa1048_out_ap_vld  |  out|    1|      ap_vld|  conv_i_i_i2390899_lcssa1048_out|       pointer|
|conv_i_i_i2390896_lcssa1046_out         |  out|   16|      ap_vld|  conv_i_i_i2390896_lcssa1046_out|       pointer|
|conv_i_i_i2390896_lcssa1046_out_ap_vld  |  out|    1|      ap_vld|  conv_i_i_i2390896_lcssa1046_out|       pointer|
|conv_i_i_i2390893_lcssa1044_out         |  out|   16|      ap_vld|  conv_i_i_i2390893_lcssa1044_out|       pointer|
|conv_i_i_i2390893_lcssa1044_out_ap_vld  |  out|    1|      ap_vld|  conv_i_i_i2390893_lcssa1044_out|       pointer|
|conv_i_i_i2390890_lcssa1042_out         |  out|   16|      ap_vld|  conv_i_i_i2390890_lcssa1042_out|       pointer|
|conv_i_i_i2390890_lcssa1042_out_ap_vld  |  out|    1|      ap_vld|  conv_i_i_i2390890_lcssa1042_out|       pointer|
|conv_i_i_i2390886_lcssa1040_out         |  out|   16|      ap_vld|  conv_i_i_i2390886_lcssa1040_out|       pointer|
|conv_i_i_i2390886_lcssa1040_out_ap_vld  |  out|    1|      ap_vld|  conv_i_i_i2390886_lcssa1040_out|       pointer|
|conv_i_i_i2390883_lcssa1038_out         |  out|   16|      ap_vld|  conv_i_i_i2390883_lcssa1038_out|       pointer|
|conv_i_i_i2390883_lcssa1038_out_ap_vld  |  out|    1|      ap_vld|  conv_i_i_i2390883_lcssa1038_out|       pointer|
|conv_i_i_i2390880_lcssa1036_out         |  out|   16|      ap_vld|  conv_i_i_i2390880_lcssa1036_out|       pointer|
|conv_i_i_i2390880_lcssa1036_out_ap_vld  |  out|    1|      ap_vld|  conv_i_i_i2390880_lcssa1036_out|       pointer|
|conv_i_i_i2390877_lcssa1034_out         |  out|   16|      ap_vld|  conv_i_i_i2390877_lcssa1034_out|       pointer|
|conv_i_i_i2390877_lcssa1034_out_ap_vld  |  out|    1|      ap_vld|  conv_i_i_i2390877_lcssa1034_out|       pointer|
|conv_i_i_i2390874_lcssa1032_out         |  out|   16|      ap_vld|  conv_i_i_i2390874_lcssa1032_out|       pointer|
|conv_i_i_i2390874_lcssa1032_out_ap_vld  |  out|    1|      ap_vld|  conv_i_i_i2390874_lcssa1032_out|       pointer|
|conv_i_i_i2390871_lcssa1030_out         |  out|   16|      ap_vld|  conv_i_i_i2390871_lcssa1030_out|       pointer|
|conv_i_i_i2390871_lcssa1030_out_ap_vld  |  out|    1|      ap_vld|  conv_i_i_i2390871_lcssa1030_out|       pointer|
|conv_i_i_i2390868_lcssa1028_out         |  out|   16|      ap_vld|  conv_i_i_i2390868_lcssa1028_out|       pointer|
|conv_i_i_i2390868_lcssa1028_out_ap_vld  |  out|    1|      ap_vld|  conv_i_i_i2390868_lcssa1028_out|       pointer|
|conv_i_i_i2390865_lcssa1026_out         |  out|   16|      ap_vld|  conv_i_i_i2390865_lcssa1026_out|       pointer|
|conv_i_i_i2390865_lcssa1026_out_ap_vld  |  out|    1|      ap_vld|  conv_i_i_i2390865_lcssa1026_out|       pointer|
|p_0_0_03278862_lcssa1024_out            |  out|   16|      ap_vld|     p_0_0_03278862_lcssa1024_out|       pointer|
|p_0_0_03278862_lcssa1024_out_ap_vld     |  out|    1|      ap_vld|     p_0_0_03278862_lcssa1024_out|       pointer|
|p_0_0_03278859_lcssa1022_out            |  out|   16|      ap_vld|     p_0_0_03278859_lcssa1022_out|       pointer|
|p_0_0_03278859_lcssa1022_out_ap_vld     |  out|    1|      ap_vld|     p_0_0_03278859_lcssa1022_out|       pointer|
|p_0_0_03278856_lcssa1020_out            |  out|   16|      ap_vld|     p_0_0_03278856_lcssa1020_out|       pointer|
|p_0_0_03278856_lcssa1020_out_ap_vld     |  out|    1|      ap_vld|     p_0_0_03278856_lcssa1020_out|       pointer|
|p_0_0_03278853_lcssa1018_out            |  out|   16|      ap_vld|     p_0_0_03278853_lcssa1018_out|       pointer|
|p_0_0_03278853_lcssa1018_out_ap_vld     |  out|    1|      ap_vld|     p_0_0_03278853_lcssa1018_out|       pointer|
|p_0_0_03278851_lcssa1016_out            |  out|   16|      ap_vld|     p_0_0_03278851_lcssa1016_out|       pointer|
|p_0_0_03278851_lcssa1016_out_ap_vld     |  out|    1|      ap_vld|     p_0_0_03278851_lcssa1016_out|       pointer|
|p_0_0_03278848_lcssa1014_out            |  out|   16|      ap_vld|     p_0_0_03278848_lcssa1014_out|       pointer|
|p_0_0_03278848_lcssa1014_out_ap_vld     |  out|    1|      ap_vld|     p_0_0_03278848_lcssa1014_out|       pointer|
|p_0_0_03278845_lcssa1012_out            |  out|   16|      ap_vld|     p_0_0_03278845_lcssa1012_out|       pointer|
|p_0_0_03278845_lcssa1012_out_ap_vld     |  out|    1|      ap_vld|     p_0_0_03278845_lcssa1012_out|       pointer|
|p_0_0_03278842_lcssa1010_out            |  out|   16|      ap_vld|     p_0_0_03278842_lcssa1010_out|       pointer|
|p_0_0_03278842_lcssa1010_out_ap_vld     |  out|    1|      ap_vld|     p_0_0_03278842_lcssa1010_out|       pointer|
|p_0_0_03278838_lcssa1008_out            |  out|   16|      ap_vld|     p_0_0_03278838_lcssa1008_out|       pointer|
|p_0_0_03278838_lcssa1008_out_ap_vld     |  out|    1|      ap_vld|     p_0_0_03278838_lcssa1008_out|       pointer|
|p_0_0_03278835_lcssa1006_out            |  out|   16|      ap_vld|     p_0_0_03278835_lcssa1006_out|       pointer|
|p_0_0_03278835_lcssa1006_out_ap_vld     |  out|    1|      ap_vld|     p_0_0_03278835_lcssa1006_out|       pointer|
|p_0_0_03278832_lcssa1004_out            |  out|   16|      ap_vld|     p_0_0_03278832_lcssa1004_out|       pointer|
|p_0_0_03278832_lcssa1004_out_ap_vld     |  out|    1|      ap_vld|     p_0_0_03278832_lcssa1004_out|       pointer|
|p_0_0_03278829_lcssa1002_out            |  out|   16|      ap_vld|     p_0_0_03278829_lcssa1002_out|       pointer|
|p_0_0_03278829_lcssa1002_out_ap_vld     |  out|    1|      ap_vld|     p_0_0_03278829_lcssa1002_out|       pointer|
|p_0_0_03278826_lcssa1000_out            |  out|   16|      ap_vld|     p_0_0_03278826_lcssa1000_out|       pointer|
|p_0_0_03278826_lcssa1000_out_ap_vld     |  out|    1|      ap_vld|     p_0_0_03278826_lcssa1000_out|       pointer|
|p_0_0_03278823_lcssa998_out             |  out|   16|      ap_vld|      p_0_0_03278823_lcssa998_out|       pointer|
|p_0_0_03278823_lcssa998_out_ap_vld      |  out|    1|      ap_vld|      p_0_0_03278823_lcssa998_out|       pointer|
|p_0_0_03278820_lcssa996_out             |  out|   16|      ap_vld|      p_0_0_03278820_lcssa996_out|       pointer|
|p_0_0_03278820_lcssa996_out_ap_vld      |  out|    1|      ap_vld|      p_0_0_03278820_lcssa996_out|       pointer|
|p_0_0_03278817_lcssa994_out             |  out|   16|      ap_vld|      p_0_0_03278817_lcssa994_out|       pointer|
|p_0_0_03278817_lcssa994_out_ap_vld      |  out|    1|      ap_vld|      p_0_0_03278817_lcssa994_out|       pointer|
|p_0_0_03279814_lcssa992_out             |  out|   16|      ap_vld|      p_0_0_03279814_lcssa992_out|       pointer|
|p_0_0_03279814_lcssa992_out_ap_vld      |  out|    1|      ap_vld|      p_0_0_03279814_lcssa992_out|       pointer|
|p_0_0_03279811_lcssa990_out             |  out|   16|      ap_vld|      p_0_0_03279811_lcssa990_out|       pointer|
|p_0_0_03279811_lcssa990_out_ap_vld      |  out|    1|      ap_vld|      p_0_0_03279811_lcssa990_out|       pointer|
|p_0_0_03279808_lcssa988_out             |  out|   16|      ap_vld|      p_0_0_03279808_lcssa988_out|       pointer|
|p_0_0_03279808_lcssa988_out_ap_vld      |  out|    1|      ap_vld|      p_0_0_03279808_lcssa988_out|       pointer|
|p_0_0_03279805_lcssa986_out             |  out|   16|      ap_vld|      p_0_0_03279805_lcssa986_out|       pointer|
|p_0_0_03279805_lcssa986_out_ap_vld      |  out|    1|      ap_vld|      p_0_0_03279805_lcssa986_out|       pointer|
|p_0_0_03279803_lcssa984_out             |  out|   16|      ap_vld|      p_0_0_03279803_lcssa984_out|       pointer|
|p_0_0_03279803_lcssa984_out_ap_vld      |  out|    1|      ap_vld|      p_0_0_03279803_lcssa984_out|       pointer|
|p_0_0_03279800_lcssa982_out             |  out|   16|      ap_vld|      p_0_0_03279800_lcssa982_out|       pointer|
|p_0_0_03279800_lcssa982_out_ap_vld      |  out|    1|      ap_vld|      p_0_0_03279800_lcssa982_out|       pointer|
|p_0_0_03279797_lcssa980_out             |  out|   16|      ap_vld|      p_0_0_03279797_lcssa980_out|       pointer|
|p_0_0_03279797_lcssa980_out_ap_vld      |  out|    1|      ap_vld|      p_0_0_03279797_lcssa980_out|       pointer|
|p_0_0_03279794_lcssa978_out             |  out|   16|      ap_vld|      p_0_0_03279794_lcssa978_out|       pointer|
|p_0_0_03279794_lcssa978_out_ap_vld      |  out|    1|      ap_vld|      p_0_0_03279794_lcssa978_out|       pointer|
|p_0_0_03279790_lcssa976_out             |  out|   16|      ap_vld|      p_0_0_03279790_lcssa976_out|       pointer|
|p_0_0_03279790_lcssa976_out_ap_vld      |  out|    1|      ap_vld|      p_0_0_03279790_lcssa976_out|       pointer|
|p_0_0_03279787_lcssa974_out             |  out|   16|      ap_vld|      p_0_0_03279787_lcssa974_out|       pointer|
|p_0_0_03279787_lcssa974_out_ap_vld      |  out|    1|      ap_vld|      p_0_0_03279787_lcssa974_out|       pointer|
|p_0_0_03279784_lcssa972_out             |  out|   16|      ap_vld|      p_0_0_03279784_lcssa972_out|       pointer|
|p_0_0_03279784_lcssa972_out_ap_vld      |  out|    1|      ap_vld|      p_0_0_03279784_lcssa972_out|       pointer|
|p_0_0_03279781_lcssa970_out             |  out|   16|      ap_vld|      p_0_0_03279781_lcssa970_out|       pointer|
|p_0_0_03279781_lcssa970_out_ap_vld      |  out|    1|      ap_vld|      p_0_0_03279781_lcssa970_out|       pointer|
|p_0_0_03279778_lcssa968_out             |  out|   16|      ap_vld|      p_0_0_03279778_lcssa968_out|       pointer|
|p_0_0_03279778_lcssa968_out_ap_vld      |  out|    1|      ap_vld|      p_0_0_03279778_lcssa968_out|       pointer|
|p_0_0_03279775_lcssa966_out             |  out|   16|      ap_vld|      p_0_0_03279775_lcssa966_out|       pointer|
|p_0_0_03279775_lcssa966_out_ap_vld      |  out|    1|      ap_vld|      p_0_0_03279775_lcssa966_out|       pointer|
|p_0_0_03279772_lcssa964_out             |  out|   16|      ap_vld|      p_0_0_03279772_lcssa964_out|       pointer|
|p_0_0_03279772_lcssa964_out_ap_vld      |  out|    1|      ap_vld|      p_0_0_03279772_lcssa964_out|       pointer|
|p_0_0_03279769_lcssa962_out             |  out|   16|      ap_vld|      p_0_0_03279769_lcssa962_out|       pointer|
|p_0_0_03279769_lcssa962_out_ap_vld      |  out|    1|      ap_vld|      p_0_0_03279769_lcssa962_out|       pointer|
+----------------------------------------+-----+-----+------------+---------------------------------+--------------+

